{"at": "2026-07-26T11:26:18Z", "level": "info", "event": "initialized", "phase": "initialized", "message": "规格已初始化"}
{"at": "2026-07-26T12:42:20Z", "level": "info", "event": "stage_changed", "phase": "requirements_ready", "message": "需求草稿门禁通过，登记待独立校验"}
{"at": "2026-07-26T13:22:49Z", "level": "info", "event": "validation", "phase": "requirements_validated", "message": "requirements 校验结论：PASS"}
{"at": "2026-07-26T13:48:03Z", "level": "info", "event": "stage_changed", "phase": "requirements_validated", "message": "登记基于真实源码与 Pico 参考的差距分析"}
{"at": "2026-07-26T17:22:54Z", "level": "info", "event": "validation", "phase": "requirements_validated", "message": "requirements 校验结论：PASS"}
{"at": "2026-07-27T00:35:27Z", "level": "info", "event": "stage_changed", "phase": "requirements_validated", "message": "刷新新增硬门禁、工作记忆与真实模型闭环差距分析"}
{"at": "2026-07-27T04:39:15Z", "level": "info", "event": "stage_changed", "phase": "design_ready", "message": "阶段更新为 design_ready"}
{"at": "2026-07-27T05:06:00Z", "level": "warning", "event": "validation", "phase": "design_ready", "message": "design 校验结论：FAIL"}
{"at": "2026-07-27T06:11:54Z", "level": "info", "event": "stage_changed", "phase": "design_ready", "message": "修订设计完成正式 GO 评审，刷新当前设计对象哈希，准备全新上下文独立校验"}
{"at": "2026-07-27T06:31:53Z", "level": "info", "event": "validation", "phase": "design_validated", "message": "design 校验结论：PASS"}
{"at": "2026-07-27T06:55:08Z", "level": "info", "event": "stage_changed", "phase": "tasks_ready", "message": "13 个主任务、51 个严格 TDD 可执行任务生成完成，325/325 需求覆盖"}
{"at": "2026-07-27T06:56:04Z", "level": "info", "event": "task_changed", "phase": "tasks_ready", "message": "任务 1.1 -> in_progress"}
{"at": "2026-07-27T06:56:04Z", "level": "info", "event": "stage_changed", "phase": "implementing", "message": "用户已明确授权继续实现，开始 51 个严格 TDD 任务"}
{"at": "2026-07-27T07:07:04Z", "level": "info", "event": "task_changed", "phase": "implementing", "message": "任务 1.1 -> completed"}
{"at": "2026-07-27T07:07:05Z", "level": "info", "event": "task_changed", "phase": "implementing", "message": "任务 1.2 -> in_progress"}
{"at": "2026-07-27T07:12:29Z", "level": "info", "event": "task_changed", "phase": "implementing", "message": "任务 1.2 -> completed"}
{"at": "2026-07-27T07:12:29Z", "level": "info", "event": "task_changed", "phase": "implementing", "message": "任务 1.3 -> in_progress"}
{"at": "2026-07-27T07:16:24Z", "level": "info", "event": "task_changed", "phase": "implementing", "message": "任务 1.3 -> completed"}
{"at": "2026-07-27T07:16:24Z", "level": "info", "event": "task_changed", "phase": "implementing", "message": "任务 1.4 -> in_progress"}
{"at": "2026-07-27T07:19:16Z", "level": "info", "event": "task_changed", "phase": "implementing", "message": "任务 1.4 -> completed"}
{"at": "2026-07-27T07:19:16Z", "level": "info", "event": "task_changed", "phase": "implementing", "message": "任务 2.1 -> in_progress"}
{"at": "2026-07-27T07:21:49Z", "level": "info", "event": "task_changed", "phase": "implementing", "message": "任务 2.1 -> completed"}
{"at": "2026-07-27T07:21:49Z", "level": "info", "event": "task_changed", "phase": "implementing", "message": "任务 2.2 -> in_progress"}
{"at": "2026-07-27T07:23:53Z", "level": "info", "event": "task_changed", "phase": "implementing", "message": "任务 2.2 -> completed"}
{"at": "2026-07-27T07:23:53Z", "level": "info", "event": "task_changed", "phase": "implementing", "message": "任务 2.3 -> in_progress"}
{"at": "2026-07-27T07:25:47Z", "level": "info", "event": "task_changed", "phase": "implementing", "message": "任务 2.3 -> completed"}
{"at": "2026-07-27T07:25:47Z", "level": "info", "event": "task_changed", "phase": "implementing", "message": "任务 2.4 -> in_progress"}
{"at": "2026-07-27T07:37:22Z", "level": "info", "event": "task_changed", "phase": "implementing", "message": "任务 2.4 -> completed"}
{"at": "2026-07-27T07:37:46Z", "level": "info", "event": "task_changed", "phase": "implementing", "message": "任务 3.1 -> in_progress"}
{"at": "2026-07-27T07:42:29Z", "level": "info", "event": "task_changed", "phase": "implementing", "message": "任务 3.1 -> completed"}
{"at": "2026-07-27T07:42:29Z", "level": "info", "event": "task_changed", "phase": "implementing", "message": "任务 3.2 -> in_progress"}
{"at": "2026-07-27T07:48:38Z", "level": "info", "event": "task_changed", "phase": "implementing", "message": "任务 3.2 -> completed"}
{"at": "2026-07-27T07:48:38Z", "level": "info", "event": "task_changed", "phase": "implementing", "message": "任务 3.3 -> in_progress"}
{"at": "2026-07-27T07:55:53Z", "level": "info", "event": "task_changed", "phase": "implementing", "message": "任务 3.3 -> completed"}
{"at": "2026-07-27T07:55:53Z", "level": "info", "event": "task_changed", "phase": "implementing", "message": "任务 3.4 -> in_progress"}
{"at": "2026-07-27T08:05:18Z", "level": "info", "event": "task_changed", "phase": "implementing", "message": "任务 3.4 -> completed"}
{"at": "2026-07-27T08:05:18Z", "level": "info", "event": "task_changed", "phase": "implementing", "message": "任务 3.5 -> in_progress"}
{"at": "2026-07-27T08:09:46Z", "level": "info", "event": "task_changed", "phase": "implementing", "message": "任务 2.4 -> completed"}
{"at": "2026-07-27T08:10:47Z", "level": "info", "event": "task_changed", "phase": "implementing", "message": "任务 3.3 -> completed"}
{"at": "2026-07-27T11:12:42Z", "level": "info", "event": "task_changed", "phase": "implementing", "message": "任务 3.5 -> completed"}
{"at": "2026-07-27T11:12:42Z", "level": "info", "event": "task_changed", "phase": "implementing", "message": "任务 4.1 -> in_progress"}
{"at": "2026-07-27T11:19:54Z", "level": "info", "event": "task_changed", "phase": "implementing", "message": "任务 4.1 -> completed"}
{"at": "2026-07-27T11:19:54Z", "level": "info", "event": "task_changed", "phase": "implementing", "message": "任务 4.2 -> in_progress"}
{"at": "2026-07-27T11:26:43Z", "level": "info", "event": "task_changed", "phase": "implementing", "message": "任务 4.2 -> completed"}
{"at": "2026-07-27T11:26:44Z", "level": "info", "event": "task_changed", "phase": "implementing", "message": "任务 4.3 -> in_progress"}
{"at": "2026-07-27T11:35:05Z", "level": "info", "event": "task_changed", "phase": "implementing", "message": "任务 4.3 -> completed"}
{"at": "2026-07-27T11:35:05Z", "level": "info", "event": "task_changed", "phase": "implementing", "message": "任务 5.1 -> in_progress"}
{"at": "2026-07-27T11:39:53Z", "level": "info", "event": "task_changed", "phase": "implementing", "message": "任务 5.1 -> completed"}
{"at": "2026-07-27T11:39:53Z", "level": "info", "event": "task_changed", "phase": "implementing", "message": "任务 5.2 -> in_progress"}
{"at": "2026-07-27T11:43:07Z", "level": "info", "event": "task_changed", "phase": "implementing", "message": "任务 5.2 -> completed"}
{"at": "2026-07-27T11:43:07Z", "level": "info", "event": "task_changed", "phase": "implementing", "message": "任务 5.3 -> in_progress"}
{"at": "2026-07-27T11:45:19Z", "level": "info", "event": "task_changed", "phase": "implementing", "message": "任务 5.3 -> completed"}
{"at": "2026-07-27T11:45:19Z", "level": "info", "event": "task_changed", "phase": "implementing", "message": "任务 5.4 -> in_progress"}
{"at": "2026-07-27T11:47:38Z", "level": "info", "event": "task_changed", "phase": "implementing", "message": "任务 5.4 -> completed"}
{"at": "2026-07-27T11:47:38Z", "level": "info", "event": "task_changed", "phase": "implementing", "message": "任务 6.1 -> in_progress"}
{"at": "2026-07-27T11:51:12Z", "level": "info", "event": "task_changed", "phase": "implementing", "message": "任务 6.1 -> completed"}
{"at": "2026-07-27T11:51:12Z", "level": "info", "event": "task_changed", "phase": "implementing", "message": "任务 6.2 -> in_progress"}
{"at": "2026-07-27T11:53:33Z", "level": "info", "event": "task_changed", "phase": "implementing", "message": "任务 6.2 -> completed"}
{"at": "2026-07-27T11:53:33Z", "level": "info", "event": "task_changed", "phase": "implementing", "message": "任务 6.3 -> in_progress"}
{"at": "2026-07-27T11:59:47Z", "level": "info", "event": "task_changed", "phase": "implementing", "message": "任务 6.3 -> completed"}
{"at": "2026-07-27T11:59:47Z", "level": "info", "event": "task_changed", "phase": "implementing", "message": "任务 7.1 -> in_progress"}
{"at": "2026-07-27T12:03:47Z", "level": "info", "event": "task_changed", "phase": "implementing", "message": "任务 7.1 -> completed"}
{"at": "2026-07-27T12:03:47Z", "level": "info", "event": "task_changed", "phase": "implementing", "message": "任务 7.2 -> in_progress"}
{"at": "2026-07-27T12:06:52Z", "level": "info", "event": "task_changed", "phase": "implementing", "message": "任务 7.2 -> completed"}
{"at": "2026-07-27T12:06:52Z", "level": "info", "event": "task_changed", "phase": "implementing", "message": "任务 7.3 -> in_progress"}
{"at": "2026-07-27T12:09:52Z", "level": "info", "event": "task_changed", "phase": "implementing", "message": "任务 7.3 -> completed"}
{"at": "2026-07-27T12:09:52Z", "level": "info", "event": "task_changed", "phase": "implementing", "message": "任务 7.4 -> in_progress"}
{"at": "2026-07-27T12:12:27Z", "level": "info", "event": "task_changed", "phase": "implementing", "message": "任务 7.4 -> completed"}
{"at": "2026-07-27T12:12:27Z", "level": "info", "event": "task_changed", "phase": "implementing", "message": "任务 8.1 -> in_progress"}
{"at": "2026-07-27T12:14:01Z", "level": "info", "event": "task_changed", "phase": "implementing", "message": "任务 8.1 -> completed"}
{"at": "2026-07-27T12:14:01Z", "level": "info", "event": "task_changed", "phase": "implementing", "message": "任务 8.2 -> in_progress"}
{"at": "2026-07-27T12:20:27Z", "level": "info", "event": "task_changed", "phase": "implementing", "message": "任务 8.2 -> completed"}
{"at": "2026-07-27T12:25:32Z", "level": "info", "event": "task_changed", "phase": "implementing", "message": "任务 8.3 -> completed"}
{"at": "2026-07-27T12:25:32Z", "level": "info", "event": "task_changed", "phase": "implementing", "message": "任务 8.4 -> in_progress"}
{"at": "2026-07-27T12:34:14Z", "level": "info", "event": "task_changed", "phase": "implementing", "message": "任务 8.4 -> completed"}
{"at": "2026-07-27T12:34:14Z", "level": "info", "event": "task_changed", "phase": "implementing", "message": "任务 9.1 -> in_progress"}
{"at": "2026-07-27T12:40:12Z", "level": "info", "event": "task_changed", "phase": "implementing", "message": "任务 9.1 -> completed"}
{"at": "2026-07-27T12:40:41Z", "level": "info", "event": "task_changed", "phase": "implementing", "message": "任务 9.2 -> in_progress"}
{"at": "2026-07-27T12:48:52Z", "level": "info", "event": "task_changed", "phase": "implementing", "message": "任务 9.2 -> completed"}
{"at": "2026-07-27T12:49:21Z", "level": "info", "event": "task_changed", "phase": "implementing", "message": "任务 9.3 -> in_progress"}
{"at": "2026-07-27T12:53:57Z", "level": "info", "event": "task_changed", "phase": "implementing", "message": "任务 9.3 -> completed"}
{"at": "2026-07-27T12:56:33Z", "level": "info", "event": "task_changed", "phase": "implementing", "message": "任务 9.4 -> in_progress"}
{"at": "2026-07-27T13:04:53Z", "level": "info", "event": "task_changed", "phase": "implementing", "message": "任务 9.4 -> completed"}
{"at": "2026-07-27T13:05:20Z", "level": "info", "event": "task_changed", "phase": "implementing", "message": "任务 10.1 -> in_progress"}
{"at": "2026-07-27T13:08:47Z", "level": "info", "event": "task_changed", "phase": "implementing", "message": "任务 10.1 -> completed"}
{"at": "2026-07-27T13:09:13Z", "level": "info", "event": "task_changed", "phase": "implementing", "message": "任务 10.2 -> in_progress"}
{"at": "2026-07-27T13:12:46Z", "level": "info", "event": "task_changed", "phase": "implementing", "message": "任务 10.2 -> completed"}
{"at": "2026-07-27T13:13:27Z", "level": "info", "event": "task_changed", "phase": "implementing", "message": "任务 10.3 -> in_progress"}
{"at": "2026-07-27T13:16:41Z", "level": "info", "event": "task_changed", "phase": "implementing", "message": "任务 10.3 -> completed"}
{"at": "2026-07-27T13:17:12Z", "level": "info", "event": "task_changed", "phase": "implementing", "message": "任务 10.4 -> in_progress"}
{"at": "2026-07-27T13:22:32Z", "level": "info", "event": "task_changed", "phase": "implementing", "message": "任务 10.4 -> completed"}
{"at": "2026-07-27T13:26:26Z", "level": "info", "event": "task_changed", "phase": "implementing", "message": "任务 11.1 -> in_progress"}
{"at": "2026-07-27T15:18:19Z", "level": "info", "event": "task_changed", "phase": "implementing", "message": "任务 11.1 -> completed"}
{"at": "2026-07-27T15:18:43Z", "level": "info", "event": "task_changed", "phase": "implementing", "message": "任务 11.2 -> in_progress"}
{"at": "2026-07-27T15:26:35Z", "level": "info", "event": "task_changed", "phase": "implementing", "message": "任务 11.2 -> completed"}
{"at": "2026-07-27T15:26:50Z", "level": "info", "event": "task_changed", "phase": "implementing", "message": "任务 11.3 -> in_progress"}
{"at": "2026-07-27T15:32:15Z", "level": "info", "event": "task_changed", "phase": "implementing", "message": "任务 11.3 -> completed"}
{"at": "2026-07-27T15:32:47Z", "level": "info", "event": "task_changed", "phase": "implementing", "message": "任务 12.1 -> in_progress"}
{"at": "2026-07-27T15:39:45Z", "level": "info", "event": "task_changed", "phase": "implementing", "message": "任务 12.1 -> completed"}
{"at": "2026-07-27T15:39:45Z", "level": "info", "event": "task_changed", "phase": "implementing", "message": "任务 12.2 -> in_progress"}
{"at": "2026-07-27T15:42:04Z", "level": "info", "event": "task_changed", "phase": "implementing", "message": "任务 12.2 -> completed"}
{"at": "2026-07-27T15:42:04Z", "level": "info", "event": "task_changed", "phase": "implementing", "message": "任务 12.3 -> in_progress"}
{"at": "2026-07-27T15:42:50Z", "level": "info", "event": "task_changed", "phase": "implementing", "message": "任务 12.3 -> completed"}
{"at": "2026-07-27T15:42:50Z", "level": "info", "event": "task_changed", "phase": "implementing", "message": "任务 12.4 -> blocked"}
{"at": "2026-07-27T17:03:07Z", "level": "info", "event": "task_changed", "phase": "implementing", "message": "任务 12.4 -> in_progress"}
{"at": "2026-07-27T17:13:15Z", "level": "info", "event": "task_changed", "phase": "implementing", "message": "任务 12.4 -> blocked"}
