{"at": "2026-07-30T04:55:56Z", "level": "info", "event": "initialized", "phase": "initialized", "message": "规格已初始化"}
{"at": "2026-07-30T05:21:21Z", "level": "info", "event": "stage_changed", "phase": "requirements_ready", "message": "37条正式Benchmark需求草稿门禁通过，进入独立需求校验"}
{"at": "2026-07-30T05:51:37Z", "level": "info", "event": "validation", "phase": "requirements_validated", "message": "requirements 校验结论：PASS"}
{"at": "2026-07-30T06:09:09Z", "level": "info", "event": "stage_changed", "phase": "requirements_validated", "message": "37类Benchmark真实差距分析完成"}
{"at": "2026-07-30T07:12:41Z", "level": "info", "event": "stage_changed", "phase": "design_ready", "message": "37类Benchmark设计与评审完成"}
{"at": "2026-07-30T07:33:10Z", "level": "warning", "event": "validation", "phase": "design_ready", "message": "design 校验结论：FAIL"}
{"at": "2026-07-30T08:02:56Z", "level": "warning", "event": "validation", "phase": "design_ready", "message": "design 校验结论：FAIL"}
{"at": "2026-07-30T08:33:52Z", "level": "warning", "event": "validation", "phase": "design_ready", "message": "design 校验结论：FAIL"}
{"at": "2026-07-30T08:54:05Z", "level": "info", "event": "validation", "phase": "design_validated", "message": "design 校验结论：PASS"}
{"at": "2026-07-30T09:09:19Z", "level": "info", "event": "stage_changed", "phase": "tasks_ready", "message": "37类Benchmark实现任务生成完成"}
{"at": "2026-07-30T09:10:24Z", "level": "info", "event": "task_changed", "phase": "tasks_ready", "message": "任务 1.1 -> in_progress"}
{"at": "2026-07-30T09:10:24Z", "level": "info", "event": "stage_changed", "phase": "implementing", "message": "开始TDD实现37类Benchmark"}
{"at": "2026-07-30T09:32:01Z", "level": "info", "event": "task_changed", "phase": "implementing", "message": "任务 1.1 -> completed"}
{"at": "2026-07-30T09:32:34Z", "level": "info", "event": "task_changed", "phase": "implementing", "message": "任务 1.2 -> in_progress"}
{"at": "2026-07-30T09:32:34Z", "level": "info", "event": "task_changed", "phase": "implementing", "message": "任务 1.3 -> in_progress"}
{"at": "2026-07-30T09:32:34Z", "level": "info", "event": "task_changed", "phase": "implementing", "message": "任务 2.1 -> in_progress"}
{"at": "2026-07-30T09:32:34Z", "level": "info", "event": "task_changed", "phase": "implementing", "message": "任务 3.1 -> in_progress"}
{"at": "2026-07-30T09:40:24Z", "level": "info", "event": "task_changed", "phase": "implementing", "message": "任务 3.1 -> completed"}
{"at": "2026-07-30T09:45:42Z", "level": "info", "event": "task_changed", "phase": "implementing", "message": "任务 3.2 -> completed"}
{"at": "2026-07-30T09:47:35Z", "level": "info", "event": "task_changed", "phase": "implementing", "message": "任务 1.2 -> completed"}
{"at": "2026-07-30T09:52:57Z", "level": "info", "event": "task_changed", "phase": "implementing", "message": "任务 2.2 -> completed"}
{"at": "2026-07-30T09:53:31Z", "level": "info", "event": "task_changed", "phase": "implementing", "message": "任务 1.3 -> completed"}
{"at": "2026-07-30T10:01:07Z", "level": "info", "event": "task_changed", "phase": "implementing", "message": "任务 6.1 -> completed"}
{"at": "2026-07-30T10:04:50Z", "level": "info", "event": "task_changed", "phase": "implementing", "message": "任务 2.1 -> completed"}
{"at": "2026-07-30T10:06:12Z", "level": "info", "event": "task_changed", "phase": "implementing", "message": "任务 3.4 -> completed"}
{"at": "2026-07-30T10:31:03Z", "level": "info", "event": "task_changed", "phase": "implementing", "message": "任务 2.3 -> completed"}
{"at": "2026-07-30T10:31:30Z", "level": "info", "event": "task_changed", "phase": "implementing", "message": "任务 2.4 -> in_progress"}
{"at": "2026-07-30T10:37:37Z", "level": "info", "event": "task_changed", "phase": "implementing", "message": "任务 2.4 -> completed"}
{"at": "2026-07-30T10:50:09Z", "level": "info", "event": "task_changed", "phase": "implementing", "message": "任务 3.3 -> completed"}
{"at": "2026-07-30T10:50:09Z", "level": "info", "event": "task_changed", "phase": "implementing", "message": "任务 3.5 -> in_progress"}
{"at": "2026-07-30T10:52:50Z", "level": "info", "event": "task_changed", "phase": "implementing", "message": "任务 8.1 -> completed"}
{"at": "2026-07-30T11:00:57Z", "level": "info", "event": "task_changed", "phase": "implementing", "message": "任务 5.1 -> in_progress"}
{"at": "2026-07-30T11:16:33Z", "level": "info", "event": "task_changed", "phase": "implementing", "message": "任务 5.1 -> completed"}
{"at": "2026-07-30T11:17:28Z", "level": "info", "event": "task_changed", "phase": "implementing", "message": "任务 3.5 -> in_progress"}
{"at": "2026-07-30T11:17:28Z", "level": "info", "event": "task_changed", "phase": "implementing", "message": "任务 4.1 -> in_progress"}
{"at": "2026-07-30T11:17:28Z", "level": "info", "event": "task_changed", "phase": "implementing", "message": "任务 5.2 -> in_progress"}
{"at": "2026-07-30T11:29:14Z", "level": "info", "event": "task_changed", "phase": "implementing", "message": "任务 3.5 -> completed"}
{"at": "2026-07-30T11:41:12Z", "level": "info", "event": "task_changed", "phase": "implementing", "message": "任务 4.1 -> completed"}
{"at": "2026-07-30T11:41:33Z", "level": "info", "event": "task_changed", "phase": "implementing", "message": "任务 4.2 -> in_progress"}
{"at": "2026-07-30T11:47:14Z", "level": "info", "event": "task_changed", "phase": "implementing", "message": "任务 5.2 -> completed"}
{"at": "2026-07-30T11:47:40Z", "level": "info", "event": "task_changed", "phase": "implementing", "message": "任务 5.3 -> in_progress"}
{"at": "2026-07-30T11:51:42Z", "level": "info", "event": "task_changed", "phase": "implementing", "message": "任务 6.2 -> in_progress"}
{"at": "2026-07-30T12:02:45Z", "level": "info", "event": "task_changed", "phase": "implementing", "message": "任务 5.3 -> completed"}
{"at": "2026-07-30T12:02:45Z", "level": "info", "event": "task_changed", "phase": "implementing", "message": "任务 5.4 -> in_progress"}
{"at": "2026-07-30T12:14:43Z", "level": "info", "event": "task_changed", "phase": "implementing", "message": "任务 4.2 -> completed"}
{"at": "2026-07-30T12:15:06Z", "level": "info", "event": "task_changed", "phase": "implementing", "message": "任务 4.3 -> in_progress"}
{"at": "2026-07-30T12:24:24Z", "level": "info", "event": "task_changed", "phase": "implementing", "message": "任务 6.2 -> completed"}
{"at": "2026-07-30T12:24:40Z", "level": "info", "event": "task_changed", "phase": "implementing", "message": "任务 6.3 -> in_progress"}
{"at": "2026-07-30T12:32:09Z", "level": "info", "event": "task_changed", "phase": "implementing", "message": "任务 5.4 -> completed"}
{"at": "2026-07-30T12:32:28Z", "level": "info", "event": "task_changed", "phase": "implementing", "message": "任务 5.5 -> in_progress"}
{"at": "2026-07-30T12:58:53Z", "level": "info", "event": "task_changed", "phase": "implementing", "message": "任务 6.3 -> completed"}
{"at": "2026-07-30T13:08:04Z", "level": "info", "event": "task_changed", "phase": "implementing", "message": "任务 5.5 -> completed"}
{"at": "2026-07-30T13:13:14Z", "level": "info", "event": "task_changed", "phase": "implementing", "message": "任务 4.3 -> completed"}
{"at": "2026-07-30T13:28:10Z", "level": "info", "event": "task_changed", "phase": "implementing", "message": "任务 4.4 -> in_progress"}
{"at": "2026-07-30T13:28:10Z", "level": "info", "event": "task_changed", "phase": "implementing", "message": "任务 7.1 -> in_progress"}
{"at": "2026-07-30T13:28:10Z", "level": "info", "event": "task_changed", "phase": "implementing", "message": "任务 7.2 -> in_progress"}
{"at": "2026-07-30T13:33:31Z", "level": "info", "event": "task_changed", "phase": "implementing", "message": "任务 7.2 -> completed"}
{"at": "2026-07-30T13:52:26Z", "level": "info", "event": "task_changed", "phase": "implementing", "message": "任务 4.4 -> completed"}
{"at": "2026-07-30T14:21:18Z", "level": "warning", "event": "validation", "phase": "design_ready", "message": "design 校验结论：FAIL"}
{"at": "2026-07-30T15:08:02Z", "level": "info", "event": "validation", "phase": "design_validated", "message": "design 校验结论：PASS"}
{"at": "2026-07-30T15:21:40Z", "level": "info", "event": "stage_changed", "phase": "tasks_ready", "message": "按已重新验证设计刷新任务边界，保留既有实施进度"}
{"at": "2026-07-30T15:22:06Z", "level": "info", "event": "task_changed", "phase": "tasks_ready", "message": "任务 7.1 -> pending"}
{"at": "2026-07-30T15:22:27Z", "level": "info", "event": "task_changed", "phase": "tasks_ready", "message": "任务 3.4 -> in_progress"}
{"at": "2026-07-30T15:22:45Z", "level": "info", "event": "task_changed", "phase": "tasks_ready", "message": "任务 3.5 -> pending"}
{"at": "2026-07-30T15:23:08Z", "level": "info", "event": "stage_changed", "phase": "implementing", "message": "恢复实施，优先清理独立设计复核判定越界的全局删除扩展"}
{"at": "2026-07-30T15:49:47Z", "level": "info", "event": "task_changed", "phase": "implementing", "message": "任务 3.4 -> completed"}
{"at": "2026-07-30T15:50:02Z", "level": "info", "event": "task_changed", "phase": "implementing", "message": "任务 3.5 -> in_progress"}
{"at": "2026-07-31T01:05:06Z", "level": "info", "event": "task_changed", "phase": "implementing", "message": "任务 3.5 -> completed"}
{"at": "2026-07-31T01:05:06Z", "level": "info", "event": "task_changed", "phase": "implementing", "message": "任务 7.1 -> in_progress"}
{"at": "2026-07-31T02:58:48Z", "level": "info", "event": "task_changed", "phase": "implementing", "message": "任务 7.1 -> completed"}
{"at": "2026-07-31T02:58:48Z", "level": "info", "event": "task_changed", "phase": "implementing", "message": "任务 7.3 -> in_progress"}
{"at": "2026-07-31T03:31:48Z", "level": "info", "event": "task_changed", "phase": "implementing", "message": "任务 7.3 -> completed"}
{"at": "2026-07-31T03:31:48Z", "level": "info", "event": "task_changed", "phase": "implementing", "message": "任务 8.2 -> in_progress"}
{"at": "2026-07-31T07:23:44Z", "level": "info", "event": "task_changed", "phase": "implementing", "message": "任务 8.2 -> completed"}
{"at": "2026-07-31T07:23:45Z", "level": "info", "event": "task_changed", "phase": "implementing", "message": "任务 8.3 -> completed"}
{"at": "2026-07-31T07:23:45Z", "level": "info", "event": "task_changed", "phase": "implementing", "message": "任务 9.1 -> completed"}
{"at": "2026-07-31T07:23:45Z", "level": "info", "event": "task_changed", "phase": "implementing", "message": "任务 9.2 -> completed"}
{"at": "2026-07-31T07:23:45Z", "level": "info", "event": "task_changed", "phase": "implementing", "message": "任务 10.1 -> completed"}
{"at": "2026-07-31T07:23:45Z", "level": "info", "event": "task_changed", "phase": "implementing", "message": "任务 10.2 -> completed"}
{"at": "2026-07-31T07:23:45Z", "level": "info", "event": "task_changed", "phase": "implementing", "message": "任务 10.3 -> completed"}
{"at": "2026-07-31T07:23:45Z", "level": "info", "event": "task_changed", "phase": "implementing", "message": "任务 11.1 -> completed"}
{"at": "2026-07-31T07:23:45Z", "level": "info", "event": "task_changed", "phase": "implementing", "message": "任务 11.2 -> completed"}
{"at": "2026-07-31T07:23:46Z", "level": "info", "event": "task_changed", "phase": "implementing", "message": "任务 11.3 -> completed"}
{"at": "2026-07-31T07:26:06Z", "level": "info", "event": "task_changed", "phase": "implementing", "message": "任务 11.4 -> completed"}
{"at": "2026-07-31T07:26:06Z", "level": "info", "event": "stage_changed", "phase": "implementation_ready", "message": "37 类 Benchmark 实现、回归、固定端口验收与冻结完成"}
{"at": "2026-07-31T07:43:50Z", "level": "warning", "event": "validation", "phase": "implementation_ready", "message": "implementation 校验结论：FAIL"}
{"at": "2026-07-31T07:43:50Z", "level": "info", "event": "task_changed", "phase": "implementation_ready", "message": "任务 6.3 -> in_progress"}
{"at": "2026-07-31T07:43:50Z", "level": "info", "event": "task_changed", "phase": "implementation_ready", "message": "任务 7.1 -> pending"}
{"at": "2026-07-31T07:43:50Z", "level": "info", "event": "task_changed", "phase": "implementation_ready", "message": "任务 11.4 -> pending"}
{"at": "2026-07-31T09:40:51Z", "level": "info", "event": "task_changed", "phase": "implementation_ready", "message": "任务 11.4 -> completed"}
{"at": "2026-07-31T09:40:51Z", "level": "info", "event": "task_changed", "phase": "implementation_ready", "message": "任务 6.3 -> completed"}
{"at": "2026-07-31T09:40:51Z", "level": "info", "event": "task_changed", "phase": "implementation_ready", "message": "任务 7.1 -> completed"}
{"at": "2026-07-31T10:06:03Z", "level": "info", "event": "validation", "phase": "completed", "message": "implementation 校验结论：PASS"}
